可用节点 3/3:https://rpc-bsc.48.club, https://bsc-rpc.publicnode.com, https://bsc.drpc.org

LP           : 0xf7f4f69a65876b05aefadd4903a69ba1e0eb5dee
可分配 LP    : 2878.408712025756922943
已登记 105 个 : 2877.260967712248541119
缺口(漏登)  : 1.147744313508381824   ← 找齐即停

  ⚠️ 块段 122301132-122301287 切到底仍失败,已跳过(结果可能不全)
  ⚠️ 块段 122305663-122305819 切到底仍失败,已跳过(结果可能不全)
  ⚠️ 块段 122305507-122305662 切到底仍失败,已跳过(结果可能不全)
  ⚠️ 块段 122172070-122172225 切到底仍失败,已跳过(结果可能不全)
  ⚠️ 块段 122171913-122172069 切到底仍失败,已跳过(结果可能不全)
  ⚠️ 块段 122028632-122028787 切到底仍失败,已跳过(结果可能不全)
  ⚠️ 块段 122029101-122029256 切到底仍失败,已跳过(结果可能不全)
  ⚠️ 块段 121951445-121951600 切到底仍失败,已跳过(结果可能不全)
  ⚠️ 块段 121952538-121952694 切到底仍失败,已跳过(结果可能不全)
… 扫到 121945194(回溯 400000 块 / 89s),命中 0 个 = 0.0
  ⚠️ 块段 121911445-121911600 切到底仍失败,已跳过(结果可能不全)
  ⚠️ 块段 121912538-121912694 切到底仍失败,已跳过(结果可能不全)
  漏登 0x324ddfea2edc8a18d40d952b3d6a9844c6c5345a  LP=0.0987950470720492   累计 0.0987950470720492 / 1.147744313508381824
  漏登 0x13abb35789e8dcfb4643b22d7d24dc419b023ccf  LP=0.065165166502176151   累计 0.163960213574225351 / 1.147744313508381824
  漏登 0xa015fbde729bbb16ee230b58d36d5d263a1eb440  LP=0.098704898034483086   累计 0.262665111608708437 / 1.147744313508381824
  漏登 0x61f161a0c263e0420cb44397472ed7b8d585bb36  LP=0.063796857866347093   累计 0.32646196947505553 / 1.147744313508381824
  漏登 0x676b422bd2b45f2a2535493835a0287aa75ab2ed  LP=0.064001502814637291   累计 0.390463472289692821 / 1.147744313508381824
  ⚠️ 块段 121557382-121557537 切到底仍失败,已跳过(结果可能不全)
… 扫到 121545194(回溯 800000 块 / 188s),命中 5 个 = 0.390463472289692821
  ⚠️ 块段 121498007-121498162 切到底仍失败,已跳过(结果可能不全)
  ⚠️ 块段 121471757-121471912 切到底仍失败,已跳过(结果可能不全)
  ⚠️ 块段 121471913-121472069 切到底仍失败,已跳过(结果可能不全)
